
[notice] A new release of pip is available: 23.1.2 -> 26.0.1
[notice] To update, run: python -m pip install --upgrade pip

[notice] A new release of pip is available: 23.1.2 -> 26.0.1
[notice] To update, run: python -m pip install --upgrade pip
  Running command git clone --filter=blob:none --quiet https://github.com/Harry24k/MAIR.git /tmp/pip-req-build-xgte7gqa

[notice] A new release of pip is available: 23.1.2 -> 26.0.1
[notice] To update, run: python -m pip install --upgrade pip

[notice] A new release of pip is available: 23.1.2 -> 26.0.1
[notice] To update, run: python -m pip install --upgrade pip

[notice] A new release of pip is available: 23.1.2 -> 26.0.1
[notice] To update, run: python -m pip install --upgrade pip
========================================
Ground-control evaluation
Architecture: cnn
Bottleneck:   6
Run:          0
Array job:    984946
Task:         0
========================================
Running evaluation on cnn with bottleneck width 6
Running evaluation on cnn with bottleneck width 6 run 0
Checkpoint architecture: cnn
Checkpoint bottleneck: 6
Checkpoint test accuracy: 0.672

============================================================
InterpBench Numerical Diagnostics
============================================================
[MODEL FINITENESS] before evaluation | all parameters and buffers finite.
[CLEAN PROBE] input finite | logits finite.
[MODEL FINITENESS] after clean accuracy evaluation | all parameters and buffers finite.
[MODEL FINITENESS] after robustness evaluation | all parameters and buffers finite.

[PASS 1 / SCALER SUMMARY]
  Batches:              24
  Valid:                24
  Discarded:            0
  Successful examples:  2641

[SCALER FINALIZATION]
[MODEL FINITENESS] after PASS 1 / SCALER | all parameters and buffers finite.

[PASS 2 / PCA SUMMARY]
  Batches:              24
  Valid:                24
  Discarded:            0
  Successful examples:  2642

[PCA FINALIZATION]
[MODEL FINITENESS] after PASS 2 / PCA | all parameters and buffers finite.

[PASS 3 / GEOMETRY SUMMARY]
  Batches:              24
  Valid:                24
  Discarded:            0
  Successful examples:  2643
[MODEL FINITENESS] after PASS 3 | all parameters and buffers finite.

[ACTIVATION SUMMARY]
  No non-finite activations detected.

[SCALER SAMPLE SUMMARY]
  feat0     samples=2641    finalized=True
  feat1     samples=2641    finalized=True

[PCA SAMPLE SUMMARY]
  feat0     samples=2642    fitted=True
  feat1     samples=2642    fitted=True

Numerical Diagnosis Summary
------------------------------------------------------------
Initial non-finite parameters: 0
Initial non-finite buffers:     0
Final non-finite parameters:   0
Final non-finite buffers:       0

[DIAGNOSIS] No parameter, buffer, logit, or activation non-finites were detected by evaluation.

Interpretability Statistics
------------------------------------------------------------------------------------------------------------------------
Layer                    Interp Score             PCA Variance      Scaler Samples       PCA Samples
------------------------------------------------------------------------------------------------------------------------
feat0                    6.382634e-01                  100.00%                2641              2642
feat1                    7.696349e-01                  100.00%                2641              2642
------------------------------------------------------------------------------------------------------------------------
Report(1 snapshots, 1 histories, accuracy=27.733333333333334, fgsm=19.233333333333334, pgd=11.766666666666667, score=0.7039491325859856, integral=0.7039491325859856)

Saved report to cnn_M6_run0_SYNTH_STANDARD_0.report


================================================================================
STARTING INDEPENDENT BOTTLENECK ANALYSIS
================================================================================

Collected bottleneck activations:
  Samples:      3000
  Bottleneck M:  6
  Factors K:     6

================================================================================
LATENT → GROUND-TRUTH FACTOR MAP
================================================================================
latent_00 → color        score=0.7767
    color=0.777, size=0.363, position_x=0.355, position_y=0.337, shape=0.268, rotation=0.258
latent_01 → color        score=0.8850
    color=0.885, position_x=0.390, size=0.380, position_y=0.342, shape=0.288, rotation=0.265
latent_02 → color        score=0.8683
    color=0.868, size=0.425, position_x=0.365, position_y=0.365, shape=0.283, rotation=0.253
latent_03 → color        score=0.8400
    color=0.840, size=0.395, position_x=0.357, position_y=0.328, shape=0.292, rotation=0.253
latent_04 → color        score=0.6550
    color=0.655, size=0.363, position_x=0.317, position_y=0.295, shape=0.258, rotation=0.247
latent_05 → color        score=0.6733
    color=0.673, size=0.368, position_x=0.318, position_y=0.293, rotation=0.255, shape=0.230

================================================================================
ORACLE RESULTS
================================================================================
Oracle interpretability: 0.419444
Mean monosemanticity:     0.329672
Superposition index:      0.670328

Optimal latent → factor matching:
  latent_00 → position_y   (0.3367)
  latent_01 → color        (0.8850)
  latent_02 → size         (0.4250)
  latent_03 → position_x   (0.3567)
  latent_04 → shape        (0.2583)
  latent_05 → rotation     (0.2550)

Saved oracle analysis to cnn_M6_run0_oracle.npz

================================================================================
COMPLETE
================================================================================
